------------------------------------------------------------
Timing Analyzer Summary
------------------------------------------------------------

Type  : Slow 1100mV 85C Model Setup 'KEY[0]'
Slack : -0.649
TNS   : -4.061

Type  : Slow 1100mV 85C Model Hold 'KEY[0]'
Slack : 0.671
TNS   : 0.000

Type  : Slow 1100mV 85C Model Minimum Pulse Width 'KEY[0]'
Slack : -0.394
TNS   : -5.560

Type  : Slow 1100mV 0C Model Setup 'KEY[0]'
Slack : -0.726
TNS   : -4.577

Type  : Slow 1100mV 0C Model Hold 'KEY[0]'
Slack : 0.711
TNS   : 0.000

Type  : Slow 1100mV 0C Model Minimum Pulse Width 'KEY[0]'
Slack : -0.394
TNS   : -5.156

Type  : Fast 1100mV 85C Model Setup 'KEY[0]'
Slack : 0.081
TNS   : 0.000

Type  : Fast 1100mV 85C Model Hold 'KEY[0]'
Slack : 0.300
TNS   : 0.000

Type  : Fast 1100mV 85C Model Minimum Pulse Width 'KEY[0]'
Slack : -0.342
TNS   : -2.925

Type  : Fast 1100mV 0C Model Setup 'KEY[0]'
Slack : 0.096
TNS   : 0.000

Type  : Fast 1100mV 0C Model Hold 'KEY[0]'
Slack : 0.294
TNS   : 0.000

Type  : Fast 1100mV 0C Model Minimum Pulse Width 'KEY[0]'
Slack : -0.320
TNS   : -2.730

------------------------------------------------------------
